ASxxxx Linker V03.00 + NoICE + sdld,  page 1.
Hexadecimal  [32-Bits]

Area                                    Addr        Size        Decimal Bytes (Attributes)
--------------------------------        ----        ----        ------- ----- ------------
.  .ABS.                            00000000    00000000 =           0. bytes (ABS,CON)

      Value  Global                              Global Defined In Module
      -----  --------------------------------   ------------------------
     00000000  .__.ABS.                           
     00000000  _rRAMG                             
     00000000  l__BASE                         
     00000000  l__BSS                          
     00000000  l__CABS                         
     00000000  l__CODE_0                       
     00000000  l__CRASH_HEADER                 
     00000000  l__CRASH_SCRATCH                
     00000000  l__DABS                         
     00000000  l__EHL_TRAMPOLINE               
     00000000  l__HEADER                       
     00000000  l__HEADER_LCD                   
     00000000  l__HEADER_SIO                   
     00000000  l__HEADER_TIMER                 
     00000000  l__HEAP                         
     00000000  l__HRAM                         
     00000000  l__LIT                          
     00000000  s__CABS                         
     00000000  s__CRASH_HEADER                 
     00000000  s__CRASH_HEADER0                
     00000000  s__CRASH_HEADER1                
     00000000  s__CRASH_SCRATCH                
     00000000  s__CRASH_SCRATCH2               
     00000000  s__DABS                         
     00000000  s__EHL_TRAMPOLINE               
     00000000  s__EHL_TRAMPOLINE0              
     00000000  s__HEADER                       
     00000000  s__HEADER0                      
     00000000  s__HEADER1                      
     00000000  s__HEADER10                     
     00000000  s__HEADER11                     
     00000000  s__HEADER2                      
     00000000  s__HEADER3                      
     00000000  s__HEADER4                      
     00000000  s__HEADER5                      
     00000000  s__HEADER6                      
     00000000  s__HEADER7                      
     00000000  s__HEADER8                      
     00000000  s__HEADER9                      
     00000000  s__HEADER_LCD                   
     00000000  s__HEADER_LCD0                  
     00000000  s__HEADER_SIO                   
     00000000  s__HEADER_SIO0                  
     00000000  s__HEADER_TIMER                 
     00000000  s__HEADER_TIMER0                
     00000000  s__HEADERa                      
     00000000  s__HEADERb                      
     00000000  s__HEADERc                      
     00000000  s__HEADERd                      
     00000000  s__HEADERe                      
ASxxxx Linker V03.00 + NoICE + sdld,  page 2.
Hexadecimal  [32-Bits]

Area                                    Addr        Size        Decimal Bytes (Attributes)
--------------------------------        ----        ----        ------- ----- ------------
.  .ABS.                            00000000    00000000 =           0. bytes (ABS,CON)

      Value  Global                              Global Defined In Module
      -----  --------------------------------   ------------------------
     00000000  s__HEADERf                      
     00000000  s__HRAM                         
     00000000  s__HRAM12                       
     00000001  ___bank_VM_SGB                     vm_sgb
     00000001  ___bank_actor_4_update             actor_4_update
     00000001  ___bank_bg_outside_boston_qz_1_t   bg_outside_boston_qz_1_tiles
     00000001  ___bank_script_1                   script_1
     00000001  b_ui_draw_frame                    ui
     00000001  b_ui_draw_text_buffer_char         ui
     00000001  b_ui_init                          ui
     00000001  b_ui_load_tiles                    ui
     00000001  b_ui_run_menu                      ui
     00000001  b_ui_run_modal                     ui
     00000001  b_ui_set_start_tile                ui
     00000001  l__GSFINAL                      
     00000001  l__HEADER0                      
     00000001  l__HEADER11                     
     00000001  l__HEADER9                      
     00000001  l__HEADERa                      
     00000001  l__HEADERb                      
     00000001  l__HEADERd                      
     00000001  l__HEADERe                      
     00000002  ___bank_ACTOR                      actor
     00000002  ___bank_actor_5_update             actor_5_update
     00000002  ___bank_font_gbs_mono_copy         font_gbs_mono_copy
     00000002  ___bank_scene_54_init              scene_54_init
     00000002  b_activate_actor                   actor
     00000002  b_activate_actors_in_col           actor
     00000002  b_activate_actors_in_row           actor
     00000002  b_actor_at_tile                    actor
     00000002  b_actor_fall                       actor
     00000002  b_actor_get_frame_offset           actor
     00000002  b_actor_gravity_off                actor
     00000002  b_actor_gravity_on                 actor
     00000002  b_actor_in_front_of_player         actor
     00000002  b_actor_overlapping_bb             actor
     00000002  b_actor_overlapping_player         actor
     00000002  b_actor_set_anim_idle              actor
     00000002  b_actor_set_anim_moving            actor
     00000002  b_actor_set_dir                    actor
     00000002  b_actor_set_frame_offset           actor
     00000002  b_actor_set_frames                 actor
     00000002  b_actors_handle_player_collision   actor
     00000002  b_actors_init                      actor
     00000002  b_check_collision_in_direction     actor
     00000002  b_deactivate_actor                 actor
     00000002  b_player_init                      actor
     00000002  l__HEADER5                      
     00000002  l__HEADERc                      
     00000002  l__HEADERf                      
     00000003  ___bank_bg_joel_2_cutscene__tile   bg_joel_2_cutscene__tileset
ASxxxx Linker V03.00 + NoICE + sdld,  page 3.
Hexadecimal  [32-Bits]

Area                                    Addr        Size        Decimal Bytes (Attributes)
--------------------------------        ----        ----        ------- ----- ------------
.  .ABS.                            00000000    00000000 =           0. bytes (ABS,CON)

      Value  Global                              Global Defined In Module
      -----  --------------------------------   ------------------------
     00000003  ___bank_script_input_64            script_input_64
     00000003  b_assign_state_script              platform
     00000003  b_basic_anim                       platform
     00000003  b_clear_state_script               platform
     00000003  b_dash_init_switch                 platform
     00000003  b_drop_press                       platform
     00000003  b_ladder_check                     platform
     00000003  b_ladder_switch                    platform
     00000003  b_platform_init                    platform
     00000003  b_platform_update                  platform
     00000003  b_wall_check                       platform
     00000003  l__HEADER8                      
     00000003  l__HEADER_LCD0                  
     00000003  l__HRAM12                       
     00000004  ___bank_VM_MAIN                    vm
     00000004  ___bank_bg_coming_soon_tileset     bg_coming_soon_tileset
     00000004  ___bank_bg_disclaimer_tileset      bg_disclaimer_tileset
     00000004  ___bank_bg_inside_boston_room_1_   bg_inside_boston_room_1_tile
     00000004  ___bank_script_11                  script_11
     00000004  b_script_detach_hthread            vm
     00000004  b_script_execute                   vm
     00000004  b_script_runner_init               vm
     00000004  b_script_terminate                 vm
     00000004  b_vm_call                          vm
     00000004  b_vm_call_far                      vm
     00000004  b_vm_get_indirect                  vm
     00000004  b_vm_get_int16                     vm
     00000004  b_vm_get_int8                      vm
     00000004  b_vm_get_tlocal                    vm
     00000004  b_vm_get_uint8                     vm
     00000004  b_vm_idle                          vm
     00000004  b_vm_if                            vm
     00000004  b_vm_if_const                      vm
     00000004  b_vm_init_rng                      vm
     00000004  b_vm_invoke                        vm
     00000004  b_vm_join                          vm
     00000004  b_vm_jump                          vm
     00000004  b_vm_lock                          vm
     00000004  b_vm_loop                          vm
     00000004  b_vm_memcpy                        vm
     00000004  b_vm_memset                        vm
     00000004  b_vm_poll_loaded                   vm
     00000004  b_vm_pop                           vm
     00000004  b_vm_push                          vm
     00000004  b_vm_push_reference                vm
     00000004  b_vm_push_value                    vm
     00000004  b_vm_push_value_ind                vm
     00000004  b_vm_raise                         vm
     00000004  b_vm_rand                          vm
     00000004  b_vm_reserve                       vm
     00000004  b_vm_ret                           vm
ASxxxx Linker V03.00 + NoICE + sdld,  page 4.
Hexadecimal  [32-Bits]

Area                                    Addr        Size        Decimal Bytes (Attributes)
--------------------------------        ----        ----        ------- ----- ------------
.  .ABS.                            00000000    00000000 =           0. bytes (ABS,CON)

      Value  Global                              Global Defined In Module
      -----  --------------------------------   ------------------------
     00000004  b_vm_ret_far                       vm
     00000004  b_vm_set                           vm
     00000004  b_vm_set_const                     vm
     00000004  b_vm_set_const_int16               vm
     00000004  b_vm_set_const_int8                vm
     00000004  b_vm_set_indirect                  vm
     00000004  b_vm_set_int16                     vm
     00000004  b_vm_set_int8                      vm
     00000004  b_vm_set_uint8                     vm
     00000004  b_vm_terminate                     vm
     00000004  b_vm_test_terminate                vm
     00000004  b_vm_unlock                        vm
     00000004  b_wait_frames                      vm
     00000004  l__CRASH_HEADER1                
     00000004  l__HEADER_SIO0                  
     00000004  l__HEADER_TIMER0                
     00000005  ___bank_bg_fall_tileset            bg_fall_tileset
     00000005  ___bank_bg_load_screen_tileswap_   bg_load_screen_tileswap_tile
     00000005  ___bank_scene_53_sprites           scene_53_sprites
     00000005  ___bank_sprite_joel3_tileset       sprite_joel3_tileset
     00000005  b_do_load_palette                  data_manager
     00000005  b_load_background                  data_manager
     00000005  b_load_bkg_tileset                 data_manager
     00000005  b_load_bounds                      data_manager
     00000005  b_load_emote                       data_manager
     00000005  b_load_init                        data_manager
     00000005  b_load_player                      data_manager
     00000005  b_load_scene                       data_manager
     00000005  b_load_sprite                      data_manager
     00000005  l__CRASH_HEADER0                
     00000005  l__HEADER1                      
     00000006  ___bank_VM_GAMEBOY                 vm_gameboy
     00000006  ___bank_bg_inside_abandonded_bui   bg_inside_abandonded_buildi_
     00000006  ___bank_bg_made_by_tileset         bg_made_by_tileset
     00000006  ___bank_bg_summer_tileset          bg_summer_tileset
     00000006  ___bank_script_input_100           script_input_100
     00000006  ___bank_sprite_blank               sprite_blank
     00000006  b_vm_context_prepare               vm_gameboy
     00000006  b_vm_fade                          vm_gameboy
     00000006  b_vm_get_tile_xy                   vm_gameboy
     00000006  b_vm_input_attach                  vm_gameboy
     00000006  b_vm_input_detach                  vm_gameboy
     00000006  b_vm_input_get                     vm_gameboy
     00000006  b_vm_input_wait                    vm_gameboy
     00000006  b_vm_load_tiles                    vm_gameboy
     00000006  b_vm_load_tileset                  vm_gameboy
     00000006  b_vm_poll                          vm_gameboy
     00000006  b_vm_replace_tile                  vm_gameboy
     00000006  b_vm_replace_tile_xy               vm_gameboy
     00000006  b_vm_rumble                        vm_gameboy
     00000006  b_vm_set_sprite_mode               vm_gameboy
ASxxxx Linker V03.00 + NoICE + sdld,  page 5.
Hexadecimal  [32-Bits]

Area                                    Addr        Size        Decimal Bytes (Attributes)
--------------------------------        ----        ----        ------- ----- ------------
.  .ABS.                            00000000    00000000 =           0. bytes (ABS,CON)

      Value  Global                              Global Defined In Module
      -----  --------------------------------   ------------------------
     00000006  b_vm_set_sprites_visible           vm_gameboy
     00000006  b_vm_timer_prepare                 vm_gameboy
     00000006  b_vm_timer_reset                   vm_gameboy
     00000006  b_vm_timer_set                     vm_gameboy
     00000006  b_vm_timer_stop                    vm_gameboy
     00000006  l__HEADER7                      
     00000007  ___bank_actor_13_interact          actor_13_interact
     00000007  ___bank_bg_inside_abandonded_bui   bg_inside_abandonded_buildi_
     00000007  ___bank_bg_la_ambush_tileset       bg_la_ambush_tileset
     00000007  ___bank_bg_title_screen_tileset    bg_title_screen_tileset
     00000007  ___bank_bg_to_be_continued_tiles   bg_to_be_continued_tileset
     00000007  l__HEADER2                      
     00000008  ___bank_VM_ACTOR                   vm_actor
     00000008  ___bank_bg_inside_la_stronghold_   bg_inside_la_stronghold_tile
     00000008  ___bank_bg_outside_boston_qz_2_t   bg_outside_boston_qz_2_tiles
     00000008  ___bank_scene_12_sprites           scene_12_sprites
     00000008  ___bank_scene_14_collisions        scene_14_collisions
     00000008  ___bank_scene_15_collisions        scene_15_collisions
     00000008  ___bank_script_input_104           script_input_104
     00000008  b_vm_actor_activate                vm_actor
     00000008  b_vm_actor_deactivate              vm_actor
     00000008  b_vm_actor_emote                   vm_actor
     00000008  b_vm_actor_get_angle               vm_actor
     00000008  b_vm_actor_get_anim_frame          vm_actor
     00000008  b_vm_actor_get_dir                 vm_actor
     00000008  b_vm_actor_get_pos                 vm_actor
     00000008  b_vm_actor_move_cancel             vm_actor
     00000008  b_vm_actor_move_to                 vm_actor
     00000008  b_vm_actor_replace_tile            vm_actor
     00000008  b_vm_actor_set_anim                vm_actor
     00000008  b_vm_actor_set_anim_frame          vm_actor
     00000008  b_vm_actor_set_anim_set            vm_actor
     00000008  b_vm_actor_set_anim_tick           vm_actor
     00000008  b_vm_actor_set_bounds              vm_actor
     00000008  b_vm_actor_set_dir                 vm_actor
     00000008  b_vm_actor_set_flags               vm_actor
     00000008  b_vm_actor_set_move_speed          vm_actor
     00000008  b_vm_actor_set_pos                 vm_actor
     00000008  b_vm_actor_set_spritesheet         vm_actor
     00000008  b_vm_actor_set_spritesheet_by_re   vm_actor
     00000008  b_vm_actor_terminate_update        vm_actor
     00000008  l__HEADER3                      
     00000009  ___bank_bg_audio_log               bg_audio_log
     00000009  ___bank_bg_audio_log_tileset       bg_audio_log_tileset
     00000009  ___bank_bg_controlled_infected_t   bg_controlled_infected_tiles
     00000009  ___bank_bg_inside_abandonded_bui   bg_inside_abandonded_buildi_
     00000009  ___bank_bg_tess_torture_tileset    bg_tess_torture_tileset
     00000009  ___bank_bg_upgrade_bench_tileset   bg_upgrade_bench_tileset
     00000009  ___bank_scene_54_collisions        scene_54_collisions
     0000000A  ___bank_bg_joel_abandonded_build   bg_joel_abandonded_building_
     0000000A  ___bank_bg_malik_tileset           bg_malik_tileset
ASxxxx Linker V03.00 + NoICE + sdld,  page 6.
Hexadecimal  [32-Bits]

Area                                    Addr        Size        Decimal Bytes (Attributes)
--------------------------------        ----        ----        ------- ----- ------------
.  .ABS.                            00000000    00000000 =           0. bytes (ABS,CON)

      Value  Global                              Global Defined In Module
      -----  --------------------------------   ------------------------
     0000000A  ___bank_bg_outside_abandonded_bu   bg_outside_abandonded_build_
     0000000A  ___bank_bg_outside_la_stronghold   bg_outside_la_stronghold_til
     0000000A  ___bank_bg_outside_la_stronghold   bg_outside_la_stronghold_til
     0000000A  ___bank_bg_tommy_2_cutscene__til   bg_tommy_2_cutscene__tileset
     0000000A  ___bank_scene_67_triggers          scene_67_triggers
     0000000B  ___bank_VM_PALETTE                 vm_palette
     0000000B  ___bank_bg_backpack_0_tileset      bg_backpack_0_tileset
     0000000B  ___bank_bg_joel_cutscene__tilese   bg_joel_cutscene__tileset
     0000000B  ___bank_bg_teenager_tileset        bg_teenager_tileset
     0000000B  ___bank_bg_tess_cutscene__tilese   bg_tess_cutscene__tileset
     0000000B  ___bank_bg_tommy_cutscene__tiles   bg_tommy_cutscene__tileset
     0000000B  ___bank_scene_12_collisions        scene_12_collisions
     0000000B  ___bank_script_input_105           script_input_105
     0000000B  ___bank_script_input_12            script_input_12
     0000000B  b_vm_load_palette                  vm_palette
     0000000C  ___bank_actor_75_interact          actor_75_interact
     0000000C  ___bank_bg_outside_boston_qz_1_t   bg_outside_boston_qz_1_tilem
     0000000C  ___bank_bg_outside_boston_qz_1_t   bg_outside_boston_qz_1_tilem
     0000000C  ___bank_bg_outside_boston_qz_2_t   bg_outside_boston_qz_2_tilem
     0000000C  ___bank_bg_outside_boston_qz_2_t   bg_outside_boston_qz_2_tilem
     0000000C  ___bank_scene_48_collisions        scene_48_collisions
     0000000C  ___bank_scene_4_collisions         scene_4_collisions
     0000000C  ___bank_scene_70_init              scene_70_init
     0000000C  ___bank_script_input_123           script_input_123
     0000000D  ___bank_VM_UI                      vm_ui
     0000000D  ___bank_actor_9_interact           actor_9_interact
     0000000D  ___bank_bg_marlene_cutscene__til   bg_marlene_cutscene__tileset
     0000000D  ___bank_bg_outside_la_stronghold   bg_outside_la_stronghold_til
     0000000D  ___bank_scene_12_init              scene_12_init
     0000000D  ___bank_scene_50_sprites           scene_50_sprites
     0000000D  b_adventure_init                   adventure
     0000000D  b_adventure_update                 adventure
     0000000D  b_scroll_init                      scroll
     0000000D  b_scroll_repaint                   scroll
     0000000D  b_scroll_reset                     scroll
     0000000D  b_scroll_update                    scroll
     0000000D  b_shmup_init                       shmup
     0000000D  b_shmup_update                     shmup
     0000000D  b_topdown_init                     topdown
     0000000D  b_topdown_update                   topdown
     0000000D  b_vm_choice                        vm_ui
     0000000D  b_vm_display_text                  vm_ui
     0000000D  b_vm_overlay_clear                 vm_ui
     0000000D  b_vm_overlay_move_to               vm_ui
     0000000D  b_vm_overlay_scroll                vm_ui
     0000000D  b_vm_overlay_set_map               vm_ui
     0000000D  b_vm_overlay_set_scroll            vm_ui
     0000000D  b_vm_overlay_set_submap            vm_ui
     0000000D  b_vm_overlay_set_submap_ex         vm_ui
     0000000D  b_vm_overlay_setpos                vm_ui
     0000000D  b_vm_overlay_show                  vm_ui
ASxxxx Linker V03.00 + NoICE + sdld,  page 7.
Hexadecimal  [32-Bits]

Area                                    Addr        Size        Decimal Bytes (Attributes)
--------------------------------        ----        ----        ------- ----- ------------
.  .ABS.                            00000000    00000000 =           0. bytes (ABS,CON)

      Value  Global                              Global Defined In Module
      -----  --------------------------------   ------------------------
     0000000D  b_vm_overlay_wait                  vm_ui
     0000000D  b_vm_set_font                      vm_ui
     0000000D  b_vm_set_text_sound                vm_ui
     0000000D  b_vm_switch_text_layer             vm_ui
     0000000E  ___bank_bg_la_ambush_tilemap       bg_la_ambush_tilemap
     0000000E  ___bank_bg_la_ambush_tilemap_att   bg_la_ambush_tilemap_attr
     0000000E  ___bank_bg_la_training_infected_   bg_la_training_infected_tile
     0000000E  ___bank_bg_outside_abandonded_bu   bg_outside_abandonded_build_
     0000000E  ___bank_bg_outside_abandonded_bu   bg_outside_abandonded_build_
     0000000E  ___bank_scene_52_collisions        scene_52_collisions
     0000000E  ___bank_scene_53_collisions        scene_53_collisions
     0000000E  ___bank_scene_63_init              scene_63_init
     0000000E  ___bank_scene_67_collisions        scene_67_collisions
     0000000E  ___bank_scene_68_collisions        scene_68_collisions
     0000000E  ___bank_script_input_124           script_input_124
     0000000E  ___bank_script_input_173           script_input_173
     0000000F  ___bank_actor_30_interact          actor_30_interact
     0000000F  ___bank_bg_blank_tileset           bg_blank_tileset
     0000000F  ___bank_scene_16_init              scene_16_init
     0000000F  ___bank_scene_19_init              scene_19_init
     0000000F  ___bank_scene_61_init              scene_61_init
     0000000F  ___bank_scene_69_init              scene_69_init
     0000000F  ___bank_script_input_172           script_input_172
     0000000F  ___bank_script_input_181           script_input_181
     0000000F  ___bank_script_input_182           script_input_182
     0000000F  ___bank_script_input_185           script_input_185
     0000000F  ___bank_script_input_197           script_input_197
     0000000F  ___bank_script_input_224           script_input_224
     0000000F  ___bank_script_input_62            script_input_62
     0000000F  ___bank_script_input_95            script_input_95
     0000000F  ___bank_trigger_28_interact        trigger_28_interact
     00000010  ___bank_VM_CAMERA                  vm_camera
     00000010  ___bank_actor_8_interact           actor_8_interact
     00000010  ___bank_bg_inside_boston_qz_tile   bg_inside_boston_qz_tilemap
     00000010  ___bank_bg_inside_boston_qz_tile   bg_inside_boston_qz_tilemap_
     00000010  ___bank_scene_10_init              scene_10_init
     00000010  ___bank_scene_14_init              scene_14_init
     00000010  ___bank_scene_49_collisions        scene_49_collisions
     00000010  ___bank_scene_51_sprites           scene_51_sprites
     00000010  ___bank_scene_59_init              scene_59_init
     00000010  ___bank_scene_6_collisions         scene_6_collisions
     00000010  ___bank_scene_8_collisions         scene_8_collisions
     00000010  ___bank_script_input_186           script_input_186
     00000010  ___bank_script_input_5             script_input_5
     00000010  ___bank_sprite_joel3               sprite_joel3
     00000010  ___bank_trigger_34_interact        trigger_34_interact
     00000010  ___bank_trigger_78_interact        trigger_78_interact
     00000010  b_camera_shake_frames              vm_camera
     00000010  b_vm_camera_move_to                vm_camera
     00000010  b_vm_camera_set_pos                vm_camera
     00000011  ___bank_VM_SIO                     vm_sio
ASxxxx Linker V03.00 + NoICE + sdld,  page 8.
Hexadecimal  [32-Bits]

Area                                    Addr        Size        Decimal Bytes (Attributes)
--------------------------------        ----        ----        ------- ----- ------------
.  .ABS.                            00000000    00000000 =           0. bytes (ABS,CON)

      Value  Global                              Global Defined In Module
      -----  --------------------------------   ------------------------
     00000011  ___bank_actor_0_interact           actor_0_interact
     00000011  ___bank_actor_64_interact          actor_64_interact
     00000011  ___bank_actor_77_interact          actor_77_interact
     00000011  ___bank_actor_81_interact          actor_81_interact
     00000011  ___bank_bg_collectible_screen_ti   bg_collectible_screen_tilese
     00000011  ___bank_bg_inside_la_stronghold_   bg_inside_la_stronghold_tile
     00000011  ___bank_bg_la_training_infected_   bg_la_training_infected_tile
     00000011  ___bank_scene_45_init              scene_45_init
     00000011  ___bank_scene_47_init              scene_47_init
     00000011  ___bank_script_input_9             script_input_9
     00000011  ___bank_script_timer_5             script_timer_5
     00000011  b_core_reset                       core
     00000011  b_core_run                         core
     00000011  b_data_clear                       load_save
     00000011  b_data_init                        load_save
     00000011  b_data_load                        load_save
     00000011  b_data_peek                        load_save
     00000011  b_data_save                        load_save
     00000011  b_gbprinter_detect                 gbprinter
     00000011  b_gbprinter_print_overlay          gbprinter
     00000011  b_logo_init                        logo
     00000011  b_logo_update                      logo
     00000011  b_projectile_launch                projectiles
     00000011  b_projectiles_init                 projectiles
     00000011  b_trigger_activate_at              trigger
     00000011  b_trigger_activate_at_intersecti   trigger
     00000011  b_trigger_at_intersection          trigger
     00000011  b_trigger_at_tile                  trigger
     00000011  b_trigger_interact                 trigger
     00000011  b_trigger_reset                    trigger
     00000011  b_vm_sio_exchange                  vm_sio
     00000011  b_vm_sio_set_mode                  vm_sio
     00000011  l__EHL_TRAMPOLINE0              
     00000012  ___bank_bg_inside_boston_qz_tile   bg_inside_boston_qz_tileset
     00000012  ___bank_bg_inside_boston_room_1_   bg_inside_boston_room_1_tile
     00000012  ___bank_bg_inside_boston_room_1_   bg_inside_boston_room_1_tile
     00000012  ___bank_bg_inside_la_room_1_tile   bg_inside_la_room_1_tilemap
     00000012  ___bank_bg_inside_la_room_1_tile   bg_inside_la_room_1_tileset
     00000012  ___bank_bg_inside_la_room_2_tile   bg_inside_la_room_2_tilemap
     00000012  ___bank_bg_inside_la_room_2_tile   bg_inside_la_room_2_tileset
     00000012  ___bank_scene_12_actors            scene_12_actors
     00000012  ___bank_scene_13_collisions        scene_13_collisions
     00000012  ___bank_scene_17_collisions        scene_17_collisions
     00000012  ___bank_scene_20_init              scene_20_init
     00000012  ___bank_scene_46_init              scene_46_init
     00000012  ___bank_scene_58_sprites           scene_58_sprites
     00000012  ___bank_scene_60_init              scene_60_init
     00000012  ___bank_scene_66_collisions        scene_66_collisions
     00000012  ___bank_scene_67_init              scene_67_init
     00000012  ___bank_scene_72_init              scene_72_init
     00000012  ___bank_scene_9_collisions         scene_9_collisions
ASxxxx Linker V03.00 + NoICE + sdld,  page 9.
Hexadecimal  [32-Bits]

Area                                    Addr        Size        Decimal Bytes (Attributes)
--------------------------------        ----        ----        ------- ----- ------------
.  .ABS.                            00000000    00000000 =           0. bytes (ABS,CON)

      Value  Global                              Global Defined In Module
      -----  --------------------------------   ------------------------
     00000012  ___bank_script_input_188           script_input_188
     00000012  ___bank_script_input_203           script_input_203
     00000012  b___HandleCrash_banked             
     00000012  b_pointnclick_init                 pointnclick
     00000012  b_pointnclick_update               pointnclick
     00000013  ___bank_actor_30_update            actor_30_update
     00000013  ___bank_actor_36_interact          actor_36_interact
     00000013  ___bank_actor_36_update            actor_36_update
     00000013  ___bank_actor_38_interact          actor_38_interact
     00000013  ___bank_actor_64_update            actor_64_update
     00000013  ___bank_bg_controls_screen_tiles   bg_controls_screen_tileset
     00000013  ___bank_bg_la_holding_cell_tilem   bg_la_holding_cell_tilemap
     00000013  ___bank_bg_la_holding_cell_tilem   bg_la_holding_cell_tilemap_a
     00000013  ___bank_bg_la_holding_cell_tiles   bg_la_holding_cell_tileset
     00000013  ___bank_bg_load_screen_tileset     bg_load_screen_tileset
     00000013  ___bank_scene_11_init              scene_11_init
     00000013  ___bank_scene_69_collisions        scene_69_collisions
     00000013  ___bank_scene_73_init              scene_73_init
     00000013  ___bank_scene_74_init              scene_74_init
     00000013  ___bank_scene_75_collisions        scene_75_collisions
     00000013  ___bank_scene_7_init               scene_7_init
     00000013  ___bank_script_10                  script_10
     00000013  ___bank_script_input_110           script_input_110
     00000013  ___bank_script_input_160           script_input_160
     00000013  ___bank_script_input_191           script_input_191
     00000013  ___bank_script_input_205           script_input_205
     00000013  ___bank_script_input_28            script_input_28
     00000013  ___bank_script_input_39            script_input_39
     00000013  ___bank_sprite_artifacts_tileset   sprite_artifacts_tileset
     00000013  ___bank_sprite_clicker_tileset     sprite_clicker_tileset
     00000013  ___bank_sprite_continue_tileset    sprite_continue_tileset
     00000013  ___bank_sprite_game_help_tileset   sprite_game_help_tileset
     00000013  ___bank_sprite_human1_copy_tiles   sprite_human1_copy_tileset
     00000013  ___bank_sprite_human1_tileset      sprite_human1_tileset
     00000013  ___bank_sprite_story_help_tilese   sprite_story_help_tileset
     00000013  b_fade_applypalettechange          fade_manager
     00000013  b_fade_in                          fade_manager
     00000013  b_fade_in_modal                    fade_manager
     00000013  b_fade_init                        fade_manager
     00000013  b_fade_out                         fade_manager
     00000013  b_fade_out_modal                   fade_manager
     00000013  b_fade_setspeed                    fade_manager
     00000013  b_fade_update                      fade_manager
     00000013  b_set_sgb_border                   sgb_border
     00000014  ___bank_actor_54_interact          actor_54_interact
     00000014  ___bank_bg_audio_log_tilemap       bg_audio_log_tilemap
     00000014  ___bank_bg_audio_log_tilemap_att   bg_audio_log_tilemap_attr
     00000014  ___bank_bg_backpack_0_tilemap      bg_backpack_0_tilemap
     00000014  ___bank_bg_blank_tilemap           bg_blank_tilemap
     00000014  ___bank_bg_collectible_screen_ti   bg_collectible_screen_tilema
     00000014  ___bank_bg_coming_soon_tilemap     bg_coming_soon_tilemap
ASxxxx Linker V03.00 + NoICE + sdld,  page 10.
Hexadecimal  [32-Bits]

Area                                    Addr        Size        Decimal Bytes (Attributes)
--------------------------------        ----        ----        ------- ----- ------------
.  .ABS.                            00000000    00000000 =           0. bytes (ABS,CON)

      Value  Global                              Global Defined In Module
      -----  --------------------------------   ------------------------
     00000014  ___bank_bg_coming_soon_tilemap_a   bg_coming_soon_tilemap_attr
     00000014  ___bank_bg_controlled_infected_t   bg_controlled_infected_tilem
     00000014  ___bank_bg_controls_screen_tilem   bg_controls_screen_tilemap
     00000014  ___bank_bg_joel_2_cutscene__tile   bg_joel_2_cutscene__tilemap
     00000014  ___bank_bg_joel_abandonded_build   bg_joel_abandonded_building_
     00000014  ___bank_bg_joel_cutscene__tilema   bg_joel_cutscene__tilemap
     00000014  ___bank_bg_load_screen_tilemap     bg_load_screen_tilemap
     00000014  ___bank_bg_load_screen_tilemap_a   bg_load_screen_tilemap_attr
     00000014  ___bank_bg_load_screen_tileswap_   bg_load_screen_tileswap_tile
     00000014  ___bank_bg_malik_tilemap           bg_malik_tilemap
     00000014  ___bank_bg_marlene_cutscene__til   bg_marlene_cutscene__tilemap
     00000014  ___bank_bg_teenager_tilemap        bg_teenager_tilemap
     00000014  ___bank_bg_tess_cutscene__tilema   bg_tess_cutscene__tilemap
     00000014  ___bank_bg_tess_torture_tilemap    bg_tess_torture_tilemap
     00000014  ___bank_bg_title_screen_tilemap_   bg_title_screen_tilemap_attr
     00000014  ___bank_bg_tommy_2_cutscene__til   bg_tommy_2_cutscene__tilemap
     00000014  ___bank_bg_tommy_cutscene__tilem   bg_tommy_cutscene__tilemap
     00000014  ___bank_bg_upgrade_bench_tilemap   bg_upgrade_bench_tilemap
     00000014  ___bank_scene_0_collisions         scene_0_collisions
     00000014  ___bank_scene_10_collisions        scene_10_collisions
     00000014  ___bank_scene_11_collisions        scene_11_collisions
     00000014  ___bank_scene_16_collisions        scene_16_collisions
     00000014  ___bank_scene_19_collisions        scene_19_collisions
     00000014  ___bank_scene_1_collisions         scene_1_collisions
     00000014  ___bank_scene_20_collisions        scene_20_collisions
     00000014  ___bank_scene_21_collisions        scene_21_collisions
     00000014  ___bank_scene_21_init              scene_21_init
     00000014  ___bank_scene_22_collisions        scene_22_collisions
     00000014  ___bank_scene_2_collisions         scene_2_collisions
     00000014  ___bank_scene_51_init              scene_51_init
     00000014  ___bank_scene_53_init              scene_53_init
     00000014  ___bank_scene_54_actors            scene_54_actors
     00000014  ___bank_script_input_115           script_input_115
     00000014  ___bank_script_input_145           script_input_145
     00000014  ___bank_sprite_controls_tileset    sprite_controls_tileset
     00000014  ___bank_sprite_human1              sprite_human1
     00000014  ___bank_sprite_li                  sprite_li
     00000014  ___bank_sprite_main_menu_tileset   sprite_main_menu_tileset
     00000015  ___bank_VM_MATH                    vm_math
     00000015  ___bank_VM_MUSIC                   vm_music
     00000015  ___bank_actor_15_update            actor_15_update
     00000015  ___bank_actor_28_update            actor_28_update
     00000015  ___bank_actor_2_interact           actor_2_interact
     00000015  ___bank_actor_3_update             actor_3_update
     00000015  ___bank_actor_57_interact          actor_57_interact
     00000015  ___bank_actor_63_interact          actor_63_interact
     00000015  ___bank_actor_84_interact          actor_84_interact
     00000015  ___bank_scene_12_triggers          scene_12_triggers
     00000015  ___bank_scene_14_actors            scene_14_actors
     00000015  ___bank_scene_23_collisions        scene_23_collisions
     00000015  ___bank_scene_25_collisions        scene_25_collisions
ASxxxx Linker V03.00 + NoICE + sdld,  page 11.
Hexadecimal  [32-Bits]

Area                                    Addr        Size        Decimal Bytes (Attributes)
--------------------------------        ----        ----        ------- ----- ------------
.  .ABS.                            00000000    00000000 =           0. bytes (ABS,CON)

      Value  Global                              Global Defined In Module
      -----  --------------------------------   ------------------------
     00000015  ___bank_scene_26_collisions        scene_26_collisions
     00000015  ___bank_scene_3_collisions         scene_3_collisions
     00000015  ___bank_scene_41_collisions        scene_41_collisions
     00000015  ___bank_scene_42_collisions        scene_42_collisions
     00000015  ___bank_scene_43_collisions        scene_43_collisions
     00000015  ___bank_scene_44_collisions        scene_44_collisions
     00000015  ___bank_scene_45_collisions        scene_45_collisions
     00000015  ___bank_scene_46_collisions        scene_46_collisions
     00000015  ___bank_scene_47_collisions        scene_47_collisions
     00000015  ___bank_scene_48_actors            scene_48_actors
     00000015  ___bank_scene_50_collisions        scene_50_collisions
     00000015  ___bank_scene_51_collisions        scene_51_collisions
     00000015  ___bank_scene_55_collisions        scene_55_collisions
     00000015  ___bank_scene_56_collisions        scene_56_collisions
     00000015  ___bank_scene_57_collisions        scene_57_collisions
     00000015  ___bank_scene_58_collisions        scene_58_collisions
     00000015  ___bank_scene_59_collisions        scene_59_collisions
     00000015  ___bank_scene_5_collisions         scene_5_collisions
     00000015  ___bank_scene_60_collisions        scene_60_collisions
     00000015  ___bank_scene_61_collisions        scene_61_collisions
     00000015  ___bank_scene_62_collisions        scene_62_collisions
     00000015  ___bank_scene_63_collisions        scene_63_collisions
     00000015  ___bank_scene_64_collisions        scene_64_collisions
     00000015  ___bank_scene_65_collisions        scene_65_collisions
     00000015  ___bank_scene_68_init              scene_68_init
     00000015  ___bank_scene_70_collisions        scene_70_collisions
     00000015  ___bank_scene_71_collisions        scene_71_collisions
     00000015  ___bank_scene_72_collisions        scene_72_collisions
     00000015  ___bank_scene_73_collisions        scene_73_collisions
     00000015  ___bank_scene_74_collisions        scene_74_collisions
     00000015  ___bank_scene_7_collisions         scene_7_collisions
     00000015  ___bank_script_input_179           script_input_179
     00000015  ___bank_script_input_206           script_input_206
     00000015  ___bank_script_input_207           script_input_207
     00000015  ___bank_script_input_222           script_input_222
     00000015  ___bank_script_input_31            script_input_31
     00000015  ___bank_sprite_actor_animated_ti   sprite_actor_animated_tilese
     00000015  b_vm_cos_scale                     vm_math
     00000015  b_vm_music_mute                    vm_music
     00000015  b_vm_music_play                    vm_music
     00000015  b_vm_music_routine                 vm_music
     00000015  b_vm_music_setpos                  vm_music
     00000015  b_vm_music_stop                    vm_music
     00000015  b_vm_sfx_play                      vm_music
     00000015  b_vm_sin_scale                     vm_math
     00000015  b_vm_sound_mastervol               vm_music
     00000016  ___bank_VM_PROJECTILE              vm_projectiles
     00000016  ___bank_VM_RTC                     vm_rtc
     00000016  ___bank_actor_0_update             actor_0_update
     00000016  ___bank_actor_17_interact          actor_17_interact
     00000016  ___bank_actor_34_update            actor_34_update
ASxxxx Linker V03.00 + NoICE + sdld,  page 12.
Hexadecimal  [32-Bits]

Area                                    Addr        Size        Decimal Bytes (Attributes)
--------------------------------        ----        ----        ------- ----- ------------
.  .ABS.                            00000000    00000000 =           0. bytes (ABS,CON)

      Value  Global                              Global Defined In Module
      -----  --------------------------------   ------------------------
     00000016  ___bank_actor_44_update            actor_44_update
     00000016  ___bank_actor_53_update            actor_53_update
     00000016  ___bank_actor_67_update            actor_67_update
     00000016  ___bank_actor_78_update            actor_78_update
     00000016  ___bank_actor_7_interact           actor_7_interact
     00000016  ___bank_actor_85_update            actor_85_update
     00000016  ___bank_avatar_font_0              avatar_font_0
     00000016  ___bank_scene_13_actors            scene_13_actors
     00000016  ___bank_scene_15_actors            scene_15_actors
     00000016  ___bank_scene_15_init              scene_15_init
     00000016  ___bank_scene_42_init              scene_42_init
     00000016  ___bank_scene_44_actors            scene_44_actors
     00000016  ___bank_scene_48_init              scene_48_init
     00000016  ___bank_scene_4_actors             scene_4_actors
     00000016  ___bank_scene_4_init               scene_4_init
     00000016  ___bank_scene_50_init              scene_50_init
     00000016  ___bank_scene_53_actors            scene_53_actors
     00000016  ___bank_scene_55_init              scene_55_init
     00000016  ___bank_scene_56_init              scene_56_init
     00000016  ___bank_scene_57_init              scene_57_init
     00000016  ___bank_scene_62_init              scene_62_init
     00000016  ___bank_scene_64_actors            scene_64_actors
     00000016  ___bank_scene_67_actors            scene_67_actors
     00000016  ___bank_script_2                   script_2
     00000016  ___bank_script_6                   script_6
     00000016  ___bank_script_engine_init         
     00000016  ___bank_script_input_102           script_input_102
     00000016  ___bank_script_input_130           script_input_130
     00000016  ___bank_script_input_135           script_input_135
     00000016  ___bank_script_input_171           script_input_171
     00000016  ___bank_script_input_174           script_input_174
     00000016  ___bank_script_input_175           script_input_175
     00000016  ___bank_script_input_183           script_input_183
     00000016  ___bank_script_input_189           script_input_189
     00000016  ___bank_script_input_209           script_input_209
     00000016  ___bank_script_input_21            script_input_21
     00000016  ___bank_script_input_210           script_input_210
     00000016  ___bank_script_input_215           script_input_215
     00000016  ___bank_script_input_223           script_input_223
     00000016  ___bank_script_input_226           script_input_226
     00000016  ___bank_script_input_33            script_input_33
     00000016  ___bank_script_input_36            script_input_36
     00000016  ___bank_script_input_37            script_input_37
     00000016  ___bank_script_input_38            script_input_38
     00000016  ___bank_script_input_40            script_input_40
     00000016  ___bank_script_input_94            script_input_94
     00000016  ___bank_script_input_96            script_input_96
     00000016  ___bank_script_timer_2             script_timer_2
     00000016  ___bank_script_timer_3             script_timer_3
     00000016  ___bank_script_timer_4             script_timer_4
     00000016  ___bank_sprite_back_tileset        sprite_back_tileset
ASxxxx Linker V03.00 + NoICE + sdld,  page 13.
Hexadecimal  [32-Bits]

Area                                    Addr        Size        Decimal Bytes (Attributes)
--------------------------------        ----        ----        ------- ----- ------------
.  .ABS.                            00000000    00000000 =           0. bytes (ABS,CON)

      Value  Global                              Global Defined In Module
      -----  --------------------------------   ------------------------
     00000016  ___bank_sprite_brick_tileset       sprite_brick_tileset
     00000016  ___bank_sprite_clicker             sprite_clicker
     00000016  ___bank_sprite_experimental_post   sprite_experimental_poster_t
     00000016  ___bank_sprite_help_tileset        sprite_help_tileset
     00000016  ___bank_sprite_human1_copy         sprite_human1_copy
     00000016  ___bank_sprite_load_tileset        sprite_load_tileset
     00000016  ___bank_sprite_new_tileset         sprite_new_tileset
     00000016  ___bank_sprite_save_slot_highlig   sprite_save_slot_highlight_t
     00000016  ___bank_sprite_story_help          sprite_story_help
     00000016  ___bank_trigger_38_interact        trigger_38_interact
     00000016  ___bank_trigger_39_interact        trigger_39_interact
     00000016  b_erase_flash                      
     00000016  b_itoa_fmt                         vm_ui_a
     00000016  b_music_events_poll                music_manager
     00000016  b_music_init_driver                music_manager
     00000016  b_music_init_events                music_manager
     00000016  b_save_sram_banks                  
     00000016  b_vm_projectile_launch             vm_projectiles
     00000016  b_vm_projectile_load_type          vm_projectiles
     00000016  b_vm_rtc_get                       vm_rtc
     00000016  b_vm_rtc_latch                     vm_rtc
     00000016  b_vm_rtc_set                       vm_rtc
     00000016  b_vm_rtc_start                     vm_rtc
     00000017  ___bank_VM_GBPRINTER               vm_gbprinter
     00000017  ___bank_VM_LOAD_SAVE               vm_load_save
     00000017  ___bank_VM_SCENE                   vm_scene
     00000017  ___bank_actor_10_interact          actor_10_interact
     00000017  ___bank_actor_16_interact          actor_16_interact
     00000017  ___bank_actor_31_update            actor_31_update
     00000017  ___bank_actor_33_update            actor_33_update
     00000017  ___bank_actor_41_interact          actor_41_interact
     00000017  ___bank_actor_50_interact          actor_50_interact
     00000017  ___bank_actor_65_update            actor_65_update
     00000017  ___bank_actor_70_update            actor_70_update
     00000017  ___bank_actor_71_update            actor_71_update
     00000017  ___bank_actor_77_update            actor_77_update
     00000017  ___bank_actor_81_update            actor_81_update
     00000017  ___bank_frame_image                frame_image
     00000017  ___bank_scene_0_init               scene_0_init
     00000017  ___bank_scene_12_projectiles       scene_12_projectiles
     00000017  ___bank_scene_13_init              scene_13_init
     00000017  ___bank_scene_14_projectiles       scene_14_projectiles
     00000017  ___bank_scene_15_projectiles       scene_15_projectiles
     00000017  ___bank_scene_17_actors            scene_17_actors
     00000017  ___bank_scene_17_init              scene_17_init
     00000017  ___bank_scene_25_init              scene_25_init
     00000017  ___bank_scene_26_init              scene_26_init
     00000017  ___bank_scene_44_init              scene_44_init
     00000017  ___bank_scene_48_projectiles       scene_48_projectiles
     00000017  ___bank_scene_49_actors            scene_49_actors
     00000017  ___bank_scene_4_projectiles        scene_4_projectiles
ASxxxx Linker V03.00 + NoICE + sdld,  page 14.
Hexadecimal  [32-Bits]

Area                                    Addr        Size        Decimal Bytes (Attributes)
--------------------------------        ----        ----        ------- ----- ------------
.  .ABS.                            00000000    00000000 =           0. bytes (ABS,CON)

      Value  Global                              Global Defined In Module
      -----  --------------------------------   ------------------------
     00000017  ___bank_scene_50_actors            scene_50_actors
     00000017  ___bank_scene_51_actors            scene_51_actors
     00000017  ___bank_scene_52_actors            scene_52_actors
     00000017  ___bank_scene_52_init              scene_52_init
     00000017  ___bank_scene_52_projectiles       scene_52_projectiles
     00000017  ___bank_scene_53_projectiles       scene_53_projectiles
     00000017  ___bank_scene_54_projectiles       scene_54_projectiles
     00000017  ___bank_scene_54_triggers          scene_54_triggers
     00000017  ___bank_scene_58_actors            scene_58_actors
     00000017  ___bank_scene_58_triggers          scene_58_triggers
     00000017  ___bank_scene_66_actors            scene_66_actors
     00000017  ___bank_scene_66_init              scene_66_init
     00000017  ___bank_scene_67_projectiles       scene_67_projectiles
     00000017  ___bank_scene_68_actors            scene_68_actors
     00000017  ___bank_scene_6_actors             scene_6_actors
     00000017  ___bank_scene_71_init              scene_71_init
     00000017  ___bank_scene_75_actors            scene_75_actors
     00000017  ___bank_scene_75_init              scene_75_init
     00000017  ___bank_scene_8_actors             scene_8_actors
     00000017  ___bank_scene_9_actors             scene_9_actors
     00000017  ___bank_scene_9_init               scene_9_init
     00000017  ___bank_script_0                   script_0
     00000017  ___bank_script_4                   script_4
     00000017  ___bank_script_input_103           script_input_103
     00000017  ___bank_script_input_120           script_input_120
     00000017  ___bank_script_input_140           script_input_140
     00000017  ___bank_script_input_150           script_input_150
     00000017  ___bank_script_input_155           script_input_155
     00000017  ___bank_script_input_165           script_input_165
     00000017  ___bank_script_input_170           script_input_170
     00000017  ___bank_script_input_217           script_input_217
     00000017  ___bank_script_input_3             script_input_3
     00000017  ___bank_script_input_4             script_input_4
     00000017  ___bank_script_input_8             script_input_8
     00000017  ___bank_sprite_actor_animated      sprite_actor_animated
     00000017  ___bank_sprite_artifacts           sprite_artifacts
     00000017  ___bank_sprite_back                sprite_back
     00000017  ___bank_sprite_brick               sprite_brick
     00000017  ___bank_sprite_collectible_highl   sprite_collectible_highligh
     00000017  ___bank_sprite_continue            sprite_continue
     00000017  ___bank_sprite_controls            sprite_controls
     00000017  ___bank_sprite_experimental_post   sprite_experimental_poster
     00000017  ___bank_sprite_game_help           sprite_game_help
     00000017  ___bank_sprite_help                sprite_help
     00000017  ___bank_sprite_li_tileset          sprite_li_tileset
     00000017  ___bank_sprite_load                sprite_load
     00000017  ___bank_sprite_main_menu           sprite_main_menu
     00000017  ___bank_sprite_new                 sprite_new
     00000017  ___bank_sprite_save_slot_highlig   sprite_save_slot_highlight
     00000017  ___bank_sprite_tess                sprite_tess
     00000017  ___bank_sprite_tess_tileset        sprite_tess_tileset
ASxxxx Linker V03.00 + NoICE + sdld,  page 15.
Hexadecimal  [32-Bits]

Area                                    Addr        Size        Decimal Bytes (Attributes)
--------------------------------        ----        ----        ------- ----- ------------
.  .ABS.                            00000000    00000000 =           0. bytes (ABS,CON)

      Value  Global                              Global Defined In Module
      -----  --------------------------------   ------------------------
     00000017  ___bank_sprite_tommy_copy          sprite_tommy_copy
     00000017  ___bank_sprite_tommy_copy_tilese   sprite_tommy_copy_tileset
     00000017  ___bank_trigger_0_interact         trigger_0_interact
     00000017  ___bank_trigger_100_interact       trigger_100_interact
     00000017  ___bank_trigger_101_interact       trigger_101_interact
     00000017  ___bank_trigger_102_interact       trigger_102_interact
     00000017  ___bank_trigger_103_interact       trigger_103_interact
     00000017  ___bank_trigger_104_interact       trigger_104_interact
     00000017  ___bank_trigger_105_interact       trigger_105_interact
     00000017  ___bank_trigger_106_interact       trigger_106_interact
     00000017  ___bank_trigger_107_interact       trigger_107_interact
     00000017  ___bank_trigger_108_interact       trigger_108_interact
     00000017  ___bank_trigger_109_interact       trigger_109_interact
     00000017  ___bank_trigger_110_interact       trigger_110_interact
     00000017  ___bank_trigger_1_interact         trigger_1_interact
     00000017  ___bank_trigger_21_interact        trigger_21_interact
     00000017  ___bank_trigger_22_interact        trigger_22_interact
     00000017  ___bank_trigger_23_interact        trigger_23_interact
     00000017  ___bank_trigger_24_interact        trigger_24_interact
     00000017  ___bank_trigger_25_interact        trigger_25_interact
     00000017  ___bank_trigger_26_interact        trigger_26_interact
     00000017  ___bank_trigger_27_interact        trigger_27_interact
     00000017  ___bank_trigger_29_interact        trigger_29_interact
     00000017  ___bank_trigger_2_interact         trigger_2_interact
     00000017  ___bank_trigger_30_interact        trigger_30_interact
     00000017  ___bank_trigger_31_interact        trigger_31_interact
     00000017  ___bank_trigger_32_interact        trigger_32_interact
     00000017  ___bank_trigger_33_interact        trigger_33_interact
     00000017  ___bank_trigger_35_interact        trigger_35_interact
     00000017  ___bank_trigger_36_interact        trigger_36_interact
     00000017  ___bank_trigger_3_interact         trigger_3_interact
     00000017  ___bank_trigger_40_interact        trigger_40_interact
     00000017  ___bank_trigger_41_interact        trigger_41_interact
     00000017  ___bank_trigger_42_interact        trigger_42_interact
     00000017  ___bank_trigger_43_interact        trigger_43_interact
     00000017  ___bank_trigger_44_interact        trigger_44_interact
     00000017  ___bank_trigger_45_interact        trigger_45_interact
     00000017  ___bank_trigger_46_interact        trigger_46_interact
     00000017  ___bank_trigger_47_interact        trigger_47_interact
     00000017  ___bank_trigger_48_interact        trigger_48_interact
     00000017  ___bank_trigger_49_interact        trigger_49_interact
     00000017  ___bank_trigger_50_interact        trigger_50_interact
     00000017  ___bank_trigger_51_interact        trigger_51_interact
     00000017  ___bank_trigger_52_interact        trigger_52_interact
     00000017  ___bank_trigger_54_interact        trigger_54_interact
     00000017  ___bank_trigger_55_interact        trigger_55_interact
     00000017  ___bank_trigger_56_interact        trigger_56_interact
     00000017  ___bank_trigger_57_interact        trigger_57_interact
     00000017  ___bank_trigger_58_interact        trigger_58_interact
     00000017  ___bank_trigger_59_interact        trigger_59_interact
     00000017  ___bank_trigger_5_interact         trigger_5_interact
ASxxxx Linker V03.00 + NoICE + sdld,  page 16.
Hexadecimal  [32-Bits]

Area                                    Addr        Size        Decimal Bytes (Attributes)
--------------------------------        ----        ----        ------- ----- ------------
.  .ABS.                            00000000    00000000 =           0. bytes (ABS,CON)

      Value  Global                              Global Defined In Module
      -----  --------------------------------   ------------------------
     00000017  ___bank_trigger_60_interact        trigger_60_interact
     00000017  ___bank_trigger_62_interact        trigger_62_interact
     00000017  ___bank_trigger_72_interact        trigger_72_interact
     00000017  ___bank_trigger_73_interact        trigger_73_interact
     00000017  ___bank_trigger_74_interact        trigger_74_interact
     00000017  ___bank_trigger_75_interact        trigger_75_interact
     00000017  ___bank_trigger_77_interact        trigger_77_interact
     00000017  ___bank_trigger_79_interact        trigger_79_interact
     00000017  ___bank_trigger_80_interact        trigger_80_interact
     00000017  ___bank_trigger_81_interact        trigger_81_interact
     00000017  ___bank_trigger_82_interact        trigger_82_interact
     00000017  ___bank_trigger_83_interact        trigger_83_interact
     00000017  ___bank_trigger_85_interact        trigger_85_interact
     00000017  ___bank_trigger_86_interact        trigger_86_interact
     00000017  ___bank_trigger_87_interact        trigger_87_interact
     00000017  ___bank_trigger_88_interact        trigger_88_interact
     00000017  ___bank_trigger_89_interact        trigger_89_interact
     00000017  ___bank_trigger_90_interact        trigger_90_interact
     00000017  ___bank_trigger_91_interact        trigger_91_interact
     00000017  ___bank_trigger_92_interact        trigger_92_interact
     00000017  ___bank_trigger_93_interact        trigger_93_interact
     00000017  ___bank_trigger_94_interact        trigger_94_interact
     00000017  ___bank_trigger_96_interact        trigger_96_interact
     00000017  ___bank_trigger_98_interact        trigger_98_interact
     00000017  b_CGBZeroPalette                   palette
     00000017  b_events_init                      events
     00000017  b_palette_init                     palette
     00000017  b_restore_sram                     flasher
     00000017  b_restore_sram_bank                flasher
     00000017  b_save_sram                        flasher
     00000017  b_timers_init                      events
     00000017  b_vm_print_detect                  vm_gbprinter
     00000017  b_vm_print_overlay                 vm_gbprinter
     00000017  b_vm_save_clear                    vm_load_save
     00000017  b_vm_save_peek                     vm_load_save
     00000017  b_vm_scene_pop                     vm_scene
     00000017  b_vm_scene_pop_all                 vm_scene
     00000017  b_vm_scene_push                    vm_scene
     00000017  b_vm_scene_stack_reset             vm_scene
     00000018  ___bank_actor_46_interact          actor_46_interact
     00000018  ___bank_actor_47_interact          actor_47_interact
     00000018  ___bank_bg_backpack_0              bg_backpack_0
     00000018  ___bank_bg_blank                   bg_blank
     00000018  ___bank_bg_collectible_screen      bg_collectible_screen
     00000018  ___bank_bg_coming_soon             bg_coming_soon
     00000018  ___bank_bg_controlled_infected     bg_controlled_infected
     00000018  ___bank_bg_controls_screen         bg_controls_screen
     00000018  ___bank_bg_disclaimer              bg_disclaimer
     00000018  ___bank_bg_fall                    bg_fall
     00000018  ___bank_bg_inside_abandonded_bui   bg_inside_abandonded_buildi
     00000018  ___bank_bg_inside_boston_qz        bg_inside_boston_qz
ASxxxx Linker V03.00 + NoICE + sdld,  page 17.
Hexadecimal  [32-Bits]

Area                                    Addr        Size        Decimal Bytes (Attributes)
--------------------------------        ----        ----        ------- ----- ------------
.  .ABS.                            00000000    00000000 =           0. bytes (ABS,CON)

      Value  Global                              Global Defined In Module
      -----  --------------------------------   ------------------------
     00000018  ___bank_bg_inside_boston_room_1    bg_inside_boston_room_1
     00000018  ___bank_bg_inside_la_room_1        bg_inside_la_room_1
     00000018  ___bank_bg_inside_la_room_2        bg_inside_la_room_2
     00000018  ___bank_bg_inside_la_stronghold    bg_inside_la_stronghold
     00000018  ___bank_bg_joel_2_cutscene_        bg_joel_2_cutscene_
     00000018  ___bank_bg_joel_abandonded_build   bg_joel_abandonded_building
     00000018  ___bank_bg_joel_cutscene_          bg_joel_cutscene_
     00000018  ___bank_bg_la_ambush               bg_la_ambush
     00000018  ___bank_bg_la_holding_cell         bg_la_holding_cell
     00000018  ___bank_bg_la_training_infected    bg_la_training_infected
     00000018  ___bank_bg_load_screen             bg_load_screen
     00000018  ___bank_bg_load_screen_tileswap    bg_load_screen_tileswap
     00000018  ___bank_bg_made_by                 bg_made_by
     00000018  ___bank_bg_malik                   bg_malik
     00000018  ___bank_bg_marlene_cutscene_       bg_marlene_cutscene_
     00000018  ___bank_bg_outside_abandonded_bu   bg_outside_abandonded_build
     00000018  ___bank_bg_outside_boston_qz_1     bg_outside_boston_qz_1
     00000018  ___bank_bg_outside_boston_qz_2     bg_outside_boston_qz_2
     00000018  ___bank_bg_outside_la_stronghold   bg_outside_la_stronghold
     00000018  ___bank_bg_summer                  bg_summer
     00000018  ___bank_bg_teenager                bg_teenager
     00000018  ___bank_bg_tess_cutscene_          bg_tess_cutscene_
     00000018  ___bank_bg_tess_torture            bg_tess_torture
     00000018  ___bank_bg_title_screen            bg_title_screen
     00000018  ___bank_bg_to_be_continued         bg_to_be_continued
     00000018  ___bank_bg_tommy_2_cutscene_       bg_tommy_2_cutscene_
     00000018  ___bank_bg_tommy_cutscene_         bg_tommy_cutscene_
     00000018  ___bank_bg_upgrade_bench           bg_upgrade_bench
     00000018  ___bank_bootstrap_script           
     00000018  ___bank_cursor_image               cursor_image
     00000018  ___bank_palette_0                  palette_0
     00000018  ___bank_palette_1                  palette_1
     00000018  ___bank_palette_10                 palette_10
     00000018  ___bank_palette_11                 palette_11
     00000018  ___bank_palette_12                 palette_12
     00000018  ___bank_palette_13                 palette_13
     00000018  ___bank_palette_2                  palette_2
     00000018  ___bank_palette_3                  palette_3
     00000018  ___bank_palette_4                  palette_4
     00000018  ___bank_palette_5                  palette_5
     00000018  ___bank_palette_6                  palette_6
     00000018  ___bank_palette_7                  palette_7
     00000018  ___bank_palette_8                  palette_8
     00000018  ___bank_palette_9                  palette_9
     00000018  ___bank_scene_0                    scene_0
     00000018  ___bank_scene_1                    scene_1
     00000018  ___bank_scene_10                   scene_10
     00000018  ___bank_scene_11                   scene_11
     00000018  ___bank_scene_12                   scene_12
     00000018  ___bank_scene_13                   scene_13
     00000018  ___bank_scene_13_projectiles       scene_13_projectiles
ASxxxx Linker V03.00 + NoICE + sdld,  page 18.
Hexadecimal  [32-Bits]

Area                                    Addr        Size        Decimal Bytes (Attributes)
--------------------------------        ----        ----        ------- ----- ------------
.  .ABS.                            00000000    00000000 =           0. bytes (ABS,CON)

      Value  Global                              Global Defined In Module
      -----  --------------------------------   ------------------------
     00000018  ___bank_scene_13_sprites           scene_13_sprites
     00000018  ___bank_scene_13_triggers          scene_13_triggers
     00000018  ___bank_scene_14                   scene_14
     00000018  ___bank_scene_14_sprites           scene_14_sprites
     00000018  ___bank_scene_14_triggers          scene_14_triggers
     00000018  ___bank_scene_15                   scene_15
     00000018  ___bank_scene_15_sprites           scene_15_sprites
     00000018  ___bank_scene_15_triggers          scene_15_triggers
     00000018  ___bank_scene_16                   scene_16
     00000018  ___bank_scene_17                   scene_17
     00000018  ___bank_scene_17_projectiles       scene_17_projectiles
     00000018  ___bank_scene_17_sprites           scene_17_sprites
     00000018  ___bank_scene_17_triggers          scene_17_triggers
     00000018  ___bank_scene_19                   scene_19
     00000018  ___bank_scene_1_init               scene_1_init
     00000018  ___bank_scene_2                    scene_2
     00000018  ___bank_scene_20                   scene_20
     00000018  ___bank_scene_21                   scene_21
     00000018  ___bank_scene_22                   scene_22
     00000018  ___bank_scene_22_init              scene_22_init
     00000018  ___bank_scene_23                   scene_23
     00000018  ___bank_scene_23_init              scene_23_init
     00000018  ___bank_scene_25                   scene_25
     00000018  ___bank_scene_26                   scene_26
     00000018  ___bank_scene_2_init               scene_2_init
     00000018  ___bank_scene_3                    scene_3
     00000018  ___bank_scene_3_init               scene_3_init
     00000018  ___bank_scene_4                    scene_4
     00000018  ___bank_scene_41                   scene_41
     00000018  ___bank_scene_41_actors            scene_41_actors
     00000018  ___bank_scene_41_init              scene_41_init
     00000018  ___bank_scene_41_sprites           scene_41_sprites
     00000018  ___bank_scene_42                   scene_42
     00000018  ___bank_scene_43                   scene_43
     00000018  ___bank_scene_43_actors            scene_43_actors
     00000018  ___bank_scene_43_init              scene_43_init
     00000018  ___bank_scene_43_sprites           scene_43_sprites
     00000018  ___bank_scene_44                   scene_44
     00000018  ___bank_scene_44_sprites           scene_44_sprites
     00000018  ___bank_scene_44_triggers          scene_44_triggers
     00000018  ___bank_scene_45                   scene_45
     00000018  ___bank_scene_46                   scene_46
     00000018  ___bank_scene_47                   scene_47
     00000018  ___bank_scene_48                   scene_48
     00000018  ___bank_scene_48_sprites           scene_48_sprites
     00000018  ___bank_scene_48_triggers          scene_48_triggers
     00000018  ___bank_scene_49                   scene_49
     00000018  ___bank_scene_49_init              scene_49_init
     00000018  ___bank_scene_49_projectiles       scene_49_projectiles
     00000018  ___bank_scene_49_sprites           scene_49_sprites
     00000018  ___bank_scene_49_triggers          scene_49_triggers
ASxxxx Linker V03.00 + NoICE + sdld,  page 19.
Hexadecimal  [32-Bits]

Area                                    Addr        Size        Decimal Bytes (Attributes)
--------------------------------        ----        ----        ------- ----- ------------
.  .ABS.                            00000000    00000000 =           0. bytes (ABS,CON)

      Value  Global                              Global Defined In Module
      -----  --------------------------------   ------------------------
     00000018  ___bank_scene_4_sprites            scene_4_sprites
     00000018  ___bank_scene_4_triggers           scene_4_triggers
     00000018  ___bank_scene_5                    scene_5
     00000018  ___bank_scene_50                   scene_50
     00000018  ___bank_scene_50_triggers          scene_50_triggers
     00000018  ___bank_scene_51                   scene_51
     00000018  ___bank_scene_51_triggers          scene_51_triggers
     00000018  ___bank_scene_52                   scene_52
     00000018  ___bank_scene_52_sprites           scene_52_sprites
     00000018  ___bank_scene_52_triggers          scene_52_triggers
     00000018  ___bank_scene_53                   scene_53
     00000018  ___bank_scene_53_triggers          scene_53_triggers
     00000018  ___bank_scene_54                   scene_54
     00000018  ___bank_scene_54_sprites           scene_54_sprites
     00000018  ___bank_scene_55                   scene_55
     00000018  ___bank_scene_56                   scene_56
     00000018  ___bank_scene_57                   scene_57
     00000018  ___bank_scene_58                   scene_58
     00000018  ___bank_scene_58_init              scene_58_init
     00000018  ___bank_scene_59                   scene_59
     00000018  ___bank_scene_5_init               scene_5_init
     00000018  ___bank_scene_6                    scene_6
     00000018  ___bank_scene_60                   scene_60
     00000018  ___bank_scene_61                   scene_61
     00000018  ___bank_scene_62                   scene_62
     00000018  ___bank_scene_63                   scene_63
     00000018  ___bank_scene_64                   scene_64
     00000018  ___bank_scene_64_init              scene_64_init
     00000018  ___bank_scene_64_sprites           scene_64_sprites
     00000018  ___bank_scene_64_triggers          scene_64_triggers
     00000018  ___bank_scene_65                   scene_65
     00000018  ___bank_scene_65_actors            scene_65_actors
     00000018  ___bank_scene_65_init              scene_65_init
     00000018  ___bank_scene_65_sprites           scene_65_sprites
     00000018  ___bank_scene_66                   scene_66
     00000018  ___bank_scene_66_projectiles       scene_66_projectiles
     00000018  ___bank_scene_66_sprites           scene_66_sprites
     00000018  ___bank_scene_66_triggers          scene_66_triggers
     00000018  ___bank_scene_67                   scene_67
     00000018  ___bank_scene_67_sprites           scene_67_sprites
     00000018  ___bank_scene_68                   scene_68
     00000018  ___bank_scene_68_sprites           scene_68_sprites
     00000018  ___bank_scene_68_triggers          scene_68_triggers
     00000018  ___bank_scene_69                   scene_69
     00000018  ___bank_scene_69_actors            scene_69_actors
     00000018  ___bank_scene_69_sprites           scene_69_sprites
     00000018  ___bank_scene_6_init               scene_6_init
     00000018  ___bank_scene_6_projectiles        scene_6_projectiles
     00000018  ___bank_scene_6_sprites            scene_6_sprites
     00000018  ___bank_scene_6_triggers           scene_6_triggers
     00000018  ___bank_scene_7                    scene_7
ASxxxx Linker V03.00 + NoICE + sdld,  page 20.
Hexadecimal  [32-Bits]

Area                                    Addr        Size        Decimal Bytes (Attributes)
--------------------------------        ----        ----        ------- ----- ------------
.  .ABS.                            00000000    00000000 =           0. bytes (ABS,CON)

      Value  Global                              Global Defined In Module
      -----  --------------------------------   ------------------------
     00000018  ___bank_scene_70                   scene_70
     00000018  ___bank_scene_71                   scene_71
     00000018  ___bank_scene_72                   scene_72
     00000018  ___bank_scene_73                   scene_73
     00000018  ___bank_scene_74                   scene_74
     00000018  ___bank_scene_75                   scene_75
     00000018  ___bank_scene_75_projectiles       scene_75_projectiles
     00000018  ___bank_scene_75_sprites           scene_75_sprites
     00000018  ___bank_scene_75_triggers          scene_75_triggers
     00000018  ___bank_scene_8                    scene_8
     00000018  ___bank_scene_8_init               scene_8_init
     00000018  ___bank_scene_8_projectiles        scene_8_projectiles
     00000018  ___bank_scene_8_sprites            scene_8_sprites
     00000018  ___bank_scene_8_triggers           scene_8_triggers
     00000018  ___bank_scene_9                    scene_9
     00000018  ___bank_scene_9_projectiles        scene_9_projectiles
     00000018  ___bank_scene_9_sprites            scene_9_sprites
     00000018  ___bank_scene_9_triggers           scene_9_triggers
     00000018  ___bank_script_5                   script_5
     00000018  ___bank_script_7                   script_7
     00000018  ___bank_script_8                   script_8
     00000018  ___bank_script_9                   script_9
     00000018  ___bank_script_input_0             script_input_0
     00000018  ___bank_script_input_1             script_input_1
     00000018  ___bank_script_input_10            script_input_10
     00000018  ___bank_script_input_101           script_input_101
     00000018  ___bank_script_input_106           script_input_106
     00000018  ___bank_script_input_107           script_input_107
     00000018  ___bank_script_input_108           script_input_108
     00000018  ___bank_script_input_109           script_input_109
     00000018  ___bank_script_input_11            script_input_11
     00000018  ___bank_script_input_111           script_input_111
     00000018  ___bank_script_input_112           script_input_112
     00000018  ___bank_script_input_113           script_input_113
     00000018  ___bank_script_input_114           script_input_114
     00000018  ___bank_script_input_116           script_input_116
     00000018  ___bank_script_input_117           script_input_117
     00000018  ___bank_script_input_118           script_input_118
     00000018  ___bank_script_input_119           script_input_119
     00000018  ___bank_script_input_121           script_input_121
     00000018  ___bank_script_input_122           script_input_122
     00000018  ___bank_script_input_125           script_input_125
     00000018  ___bank_script_input_126           script_input_126
     00000018  ___bank_script_input_127           script_input_127
     00000018  ___bank_script_input_128           script_input_128
     00000018  ___bank_script_input_129           script_input_129
     00000018  ___bank_script_input_13            script_input_13
     00000018  ___bank_script_input_131           script_input_131
     00000018  ___bank_script_input_132           script_input_132
     00000018  ___bank_script_input_133           script_input_133
     00000018  ___bank_script_input_134           script_input_134
ASxxxx Linker V03.00 + NoICE + sdld,  page 21.
Hexadecimal  [32-Bits]

Area                                    Addr        Size        Decimal Bytes (Attributes)
--------------------------------        ----        ----        ------- ----- ------------
.  .ABS.                            00000000    00000000 =           0. bytes (ABS,CON)

      Value  Global                              Global Defined In Module
      -----  --------------------------------   ------------------------
     00000018  ___bank_script_input_136           script_input_136
     00000018  ___bank_script_input_137           script_input_137
     00000018  ___bank_script_input_138           script_input_138
     00000018  ___bank_script_input_139           script_input_139
     00000018  ___bank_script_input_14            script_input_14
     00000018  ___bank_script_input_141           script_input_141
     00000018  ___bank_script_input_142           script_input_142
     00000018  ___bank_script_input_143           script_input_143
     00000018  ___bank_script_input_144           script_input_144
     00000018  ___bank_script_input_146           script_input_146
     00000018  ___bank_script_input_147           script_input_147
     00000018  ___bank_script_input_148           script_input_148
     00000018  ___bank_script_input_149           script_input_149
     00000018  ___bank_script_input_15            script_input_15
     00000018  ___bank_script_input_151           script_input_151
     00000018  ___bank_script_input_152           script_input_152
     00000018  ___bank_script_input_153           script_input_153
     00000018  ___bank_script_input_154           script_input_154
     00000018  ___bank_script_input_156           script_input_156
     00000018  ___bank_script_input_157           script_input_157
     00000018  ___bank_script_input_158           script_input_158
     00000018  ___bank_script_input_159           script_input_159
     00000018  ___bank_script_input_16            script_input_16
     00000018  ___bank_script_input_161           script_input_161
     00000018  ___bank_script_input_162           script_input_162
     00000018  ___bank_script_input_163           script_input_163
     00000018  ___bank_script_input_164           script_input_164
     00000018  ___bank_script_input_166           script_input_166
     00000018  ___bank_script_input_167           script_input_167
     00000018  ___bank_script_input_168           script_input_168
     00000018  ___bank_script_input_169           script_input_169
     00000018  ___bank_script_input_17            script_input_17
     00000018  ___bank_script_input_176           script_input_176
     00000018  ___bank_script_input_177           script_input_177
     00000018  ___bank_script_input_178           script_input_178
     00000018  ___bank_script_input_18            script_input_18
     00000018  ___bank_script_input_180           script_input_180
     00000018  ___bank_script_input_184           script_input_184
     00000018  ___bank_script_input_187           script_input_187
     00000018  ___bank_script_input_19            script_input_19
     00000018  ___bank_script_input_190           script_input_190
     00000018  ___bank_script_input_192           script_input_192
     00000018  ___bank_script_input_193           script_input_193
     00000018  ___bank_script_input_194           script_input_194
     00000018  ___bank_script_input_195           script_input_195
     00000018  ___bank_script_input_196           script_input_196
     00000018  ___bank_script_input_198           script_input_198
     00000018  ___bank_script_input_199           script_input_199
     00000018  ___bank_script_input_2             script_input_2
     00000018  ___bank_script_input_20            script_input_20
     00000018  ___bank_script_input_200           script_input_200
ASxxxx Linker V03.00 + NoICE + sdld,  page 22.
Hexadecimal  [32-Bits]

Area                                    Addr        Size        Decimal Bytes (Attributes)
--------------------------------        ----        ----        ------- ----- ------------
.  .ABS.                            00000000    00000000 =           0. bytes (ABS,CON)

      Value  Global                              Global Defined In Module
      -----  --------------------------------   ------------------------
     00000018  ___bank_script_input_201           script_input_201
     00000018  ___bank_script_input_202           script_input_202
     00000018  ___bank_script_input_204           script_input_204
     00000018  ___bank_script_input_208           script_input_208
     00000018  ___bank_script_input_211           script_input_211
     00000018  ___bank_script_input_212           script_input_212
     00000018  ___bank_script_input_213           script_input_213
     00000018  ___bank_script_input_214           script_input_214
     00000018  ___bank_script_input_216           script_input_216
     00000018  ___bank_script_input_218           script_input_218
     00000018  ___bank_script_input_219           script_input_219
     00000018  ___bank_script_input_22            script_input_22
[...]
/var/folders/zs/hkzrqg456jd297tkhs0bxy_m0000gn/T/_gbsbuild/obj/trigger_13_interact.rel
                                          [ trigger_13_interact ]
/var/folders/zs/hkzrqg456jd297tkhs0bxy_m0000gn/T/_gbsbuild/obj/trigger_14_interact.rel
                                          [ trigger_14_interact ]
/var/folders/zs/hkzrqg456jd297tkhs0bxy_m0000gn/T/_gbsbuild/obj/trigger_15_interact.rel
                                          [ trigger_15_interact ]
/var/folders/zs/hkzrqg456jd297tkhs0bxy_m0000gn/T/_gbsbuild/obj/trigger_16_interact.rel
                                          [ trigger_16_interact ]
/var/folders/zs/hkzrqg456jd297tkhs0bxy_m0000gn/T/_gbsbuild/obj/trigger_17_interact.rel
                                          [ trigger_17_interact ]
/var/folders/zs/hkzrqg456jd297tkhs0bxy_m0000gn/T/_gbsbuild/obj/trigger_18_interact.rel
                                          [ trigger_18_interact ]
/var/folders/zs/hkzrqg456jd297tkhs0bxy_m0000gn/T/_gbsbuild/obj/trigger_19_interact.rel
                                          [ trigger_19_interact ]
/var/folders/zs/hkzrqg456jd297tkhs0bxy_m0000gn/T/_gbsbuild/obj/trigger_2_interact.rel
                                          [ trigger_2_interact ]
/var/folders/zs/hkzrqg456jd297tkhs0bxy_m0000gn/T/_gbsbuild/obj/trigger_20_interact.rel
                                          [ trigger_20_interact ]
/var/folders/zs/hkzrqg456jd297tkhs0bxy_m0000gn/T/_gbsbuild/obj/trigger_21_interact.rel
                                          [ trigger_21_interact ]
/var/folders/zs/hkzrqg456jd297tkhs0bxy_m0000gn/T/_gbsbuild/obj/trigger_22_interact.rel
                                          [ trigger_22_interact ]
/var/folders/zs/hkzrqg456jd297tkhs0bxy_m0000gn/T/_gbsbuild/obj/trigger_23_interact.rel
                                          [ trigger_23_interact ]
/var/folders/zs/hkzrqg456jd297tkhs0bxy_m0000gn/T/_gbsbuild/obj/trigger_24_interact.rel
                                          [ trigger_24_interact ]
/var/folders/zs/hkzrqg456jd297tkhs0bxy_m0000gn/T/_gbsbuild/obj/trigger_25_interact.rel
                                          [ trigger_25_interact ]
/var/folders/zs/hkzrqg456jd297tkhs0bxy_m0000gn/T/_gbsbuild/obj/trigger_26_interact.rel
                                          [ trigger_26_interact ]
/var/folders/zs/hkzrqg456jd297tkhs0bxy_m0000gn/T/_gbsbuild/obj/trigger_27_interact.rel
                                          [ trigger_27_interact ]
/var/folders/zs/hkzrqg456jd297tkhs0bxy_m0000gn/T/_gbsbuild/obj/trigger_28_interact.rel
                                          [ trigger_28_interact ]
/var/folders/zs/hkzrqg456jd297tkhs0bxy_m0000gn/T/_gbsbuild/obj/trigger_29_interact.rel
                                          [ trigger_29_interact ]
/var/folders/zs/hkzrqg456jd297tkhs0bxy_m0000gn/T/_gbsbuild/obj/trigger_3_interact.rel
                                          [ trigger_3_interact ]
/var/folders/zs/hkzrqg456jd297tkhs0bxy_m0000gn/T/_gbsbuild/obj/trigger_30_interact.rel
                                          [ trigger_30_interact ]
/var/folders/zs/hkzrqg456jd297tkhs0bxy_m0000gn/T/_gbsbuild/obj/trigger_31_interact.rel
                                          [ trigger_31_interact ]
/var/folders/zs/hkzrqg456jd297tkhs0bxy_m0000gn/T/_gbsbuild/obj/trigger_32_interact.rel
                                          [ trigger_32_interact ]
/var/folders/zs/hkzrqg456jd297tkhs0bxy_m0000gn/T/_gbsbuild/obj/trigger_33_interact.rel
                                          [ trigger_33_interact ]
/var/folders/zs/hkzrqg456jd297tkhs0bxy_m0000gn/T/_gbsbuild/obj/trigger_34_interact.rel
                                          [ trigger_34_interact ]
/var/folders/zs/hkzrqg456jd297tkhs0bxy_m0000gn/T/_gbsbuild/obj/trigger_35_interact.rel
                                          [ trigger_35_interact ]
/var/folders/zs/hkzrqg456jd297tkhs0bxy_m0000gn/T/_gbsbuild/obj/trigger_36_interact.rel
                                          [ trigger_36_interact ]
/var/folders/zs/hkzrqg456jd297tkhs0bxy_m0000gn/T/_gbsbuild/obj/trigger_37_interact.rel
                                          [ trigger_37_interact ]
/var/folders/zs/hkzrqg456jd297tkhs0bxy_m0000gn/T/_gbsbuild/obj/trigger_38_interact.rel
                                          [ trigger_38_interact ]
/var/folders/zs/hkzrqg456jd297tkhs0bxy_m0000gn/T/_gbsbuild/obj/trigger_39_interact.rel
                                          [ trigger_39_interact ]
/var/folders/zs/hkzrqg456jd297tkhs0bxy_m0000gn/T/_gbsbuild/obj/trigger_4_interact.rel
                                          [ trigger_4_interact ]
/var/folders/zs/hkzrqg456jd297tkhs0bxy_m0000gn/T/_gbsbuild/obj/trigger_40_interact.rel
                                          [ trigger_40_interact ]
/var/folders/zs/hkzrqg456jd297tkhs0bxy_m0000gn/T/_gbsbuild/obj/trigger_41_interact.rel
                                          [ trigger_41_interact ]
/var/folders/zs/hkzrqg456jd297tkhs0bxy_m0000gn/T/_gbsbuild/obj/trigger_42_interact.rel
                                          [ trigger_42_interact ]
/var/folders/zs/hkzrqg456jd297tkhs0bxy_m0000gn/T/_gbsbuild/obj/trigger_43_interact.rel
                                          [ trigger_43_interact ]
/var/folders/zs/hkzrqg456jd297tkhs0bxy_m0000gn/T/_gbsbuild/obj/trigger_44_interact.rel
                                          [ trigger_44_interact ]
/var/folders/zs/hkzrqg456jd297tkhs0bxy_m0000gn/T/_gbsbuild/obj/trigger_45_interact.rel
                                          [ trigger_45_interact ]
/var/folders/zs/hkzrqg456jd297tkhs0bxy_m0000gn/T/_gbsbuild/obj/trigger_46_interact.rel
                                          [ trigger_46_interact ]
/var/folders/zs/hkzrqg456jd297tkhs0bxy_m0000gn/T/_gbsbuild/obj/trigger_47_interact.rel
                                          [ trigger_47_interact ]
/var/folders/zs/hkzrqg456jd297tkhs0bxy_m0000gn/T/_gbsbuild/obj/trigger_48_interact.rel
                                          [ trigger_48_interact ]
/var/folders/zs/hkzrqg456jd297tkhs0bxy_m0000gn/T/_gbsbuild/obj/trigger_49_interact.rel
                                          [ trigger_49_interact ]
/var/folders/zs/hkzrqg456jd297tkhs0bxy_m0000gn/T/_gbsbuild/obj/trigger_5_interact.rel
                                          [ trigger_5_interact ]
/var/folders/zs/hkzrqg456jd297tkhs0bxy_m0000gn/T/_gbsbuild/obj/trigger_50_interact.rel
                                          [ trigger_50_interact ]
/var/folders/zs/hkzrqg456jd297tkhs0bxy_m0000gn/T/_gbsbuild/obj/trigger_51_interact.rel
                                          [ trigger_51_interact ]
/var/folders/zs/hkzrqg456jd297tkhs0bxy_m0000gn/T/_gbsbuild/obj/trigger_52_interact.rel
                                          [ trigger_52_interact ]
/var/folders/zs/hkzrqg456jd297tkhs0bxy_m0000gn/T/_gbsbuild/obj/trigger_53_interact.rel
                                          [ trigger_53_interact ]
/var/folders/zs/hkzrqg456jd297tkhs0bxy_m0000gn/T/_gbsbuild/obj/trigger_54_interact.rel
                                          [ trigger_54_interact ]
/var/folders/zs/hkzrqg456jd297tkhs0bxy_m0000gn/T/_gbsbuild/obj/trigger_55_interact.rel
                                          [ trigger_55_interact ]
/var/folders/zs/hkzrqg456jd297tkhs0bxy_m0000gn/T/_gbsbuild/obj/trigger_56_interact.rel
                                          [ trigger_56_interact ]
/var/folders/zs/hkzrqg456jd297tkhs0bxy_m0000gn/T/_gbsbuild/obj/trigger_57_interact.rel
                                          [ trigger_57_interact ]
/var/folders/zs/hkzrqg456jd297tkhs0bxy_m0000gn/T/_gbsbuild/obj/trigger_58_interact.rel
                                          [ trigger_58_interact ]
/var/folders/zs/hkzrqg456jd297tkhs0bxy_m0000gn/T/_gbsbuild/obj/trigger_59_interact.rel
                                          [ trigger_59_interact ]
/var/folders/zs/hkzrqg456jd297tkhs0bxy_m0000gn/T/_gbsbuild/obj/trigger_6_interact.rel
                                          [ trigger_6_interact ]
/var/folders/zs/hkzrqg456jd297tkhs0bxy_m0000gn/T/_gbsbuild/obj/trigger_60_interact.rel
                                          [ trigger_60_interact ]
/var/folders/zs/hkzrqg456jd297tkhs0bxy_m0000gn/T/_gbsbuild/obj/trigger_61_interact.rel
                                          [ trigger_61_interact ]
/var/folders/zs/hkzrqg456jd297tkhs0bxy_m0000gn/T/_gbsbuild/obj/trigger_62_interact.rel
                                          [ trigger_62_interact ]
/var/folders/zs/hkzrqg456jd297tkhs0bxy_m0000gn/T/_gbsbuild/obj/trigger_63_interact.rel
                                          [ trigger_63_interact ]
/var/folders/zs/hkzrqg456jd297tkhs0bxy_m0000gn/T/_gbsbuild/obj/trigger_64_interact.rel
                                          [ trigger_64_interact ]
/var/folders/zs/hkzrqg456jd297tkhs0bxy_m0000gn/T/_gbsbuild/obj/trigger_65_interact.rel
                                          [ trigger_65_interact ]
/var/folders/zs/hkzrqg456jd297tkhs0bxy_m0000gn/T/_gbsbuild/obj/trigger_66_interact.rel
                                          [ trigger_66_interact ]
/var/folders/zs/hkzrqg456jd297tkhs0bxy_m0000gn/T/_gbsbuild/obj/trigger_67_interact.rel
                                          [ trigger_67_interact ]
/var/folders/zs/hkzrqg456jd297tkhs0bxy_m0000gn/T/_gbsbuild/obj/trigger_68_interact.rel
                                          [ trigger_68_interact ]
/var/folders/zs/hkzrqg456jd297tkhs0bxy_m0000gn/T/_gbsbuild/obj/trigger_69_interact.rel
                                          [ trigger_69_interact ]
/var/folders/zs/hkzrqg456jd297tkhs0bxy_m0000gn/T/_gbsbuild/obj/trigger_7_interact.rel
                                          [ trigger_7_interact ]
/var/folders/zs/hkzrqg456jd297tkhs0bxy_m0000gn/T/_gbsbuild/obj/trigger_70_interact.rel
                                          [ trigger_70_interact ]
/var/folders/zs/hkzrqg456jd297tkhs0bxy_m0000gn/T/_gbsbuild/obj/trigger_71_interact.rel
                                          [ trigger_71_interact ]
/var/folders/zs/hkzrqg456jd297tkhs0bxy_m0000gn/T/_gbsbuild/obj/trigger_72_interact.rel
                                          [ trigger_72_interact ]
/var/folders/zs/hkzrqg456jd297tkhs0bxy_m0000gn/T/_gbsbuild/obj/trigger_73_interact.rel
                                          [ trigger_73_interact ]
/var/folders/zs/hkzrqg456jd297tkhs0bxy_m0000gn/T/_gbsbuild/obj/trigger_74_interact.rel
                                          [ trigger_74_interact ]
/var/folders/zs/hkzrqg456jd297tkhs0bxy_m0000gn/T/_gbsbuild/obj/trigger_75_interact.rel
                                          [ trigger_75_interact ]
/var/folders/zs/hkzrqg456jd297tkhs0bxy_m0000gn/T/_gbsbuild/obj/trigger_76_interact.rel
                                          [ trigger_76_interact ]
/var/folders/zs/hkzrqg456jd297tkhs0bxy_m0000gn/T/_gbsbuild/obj/trigger_77_interact.rel
                                          [ trigger_77_interact ]
/var/folders/zs/hkzrqg456jd297tkhs0bxy_m0000gn/T/_gbsbuild/obj/trigger_78_interact.rel
                                          [ trigger_78_interact ]
/var/folders/zs/hkzrqg456jd297tkhs0bxy_m0000gn/T/_gbsbuild/obj/trigger_79_interact.rel
                                          [ trigger_79_interact ]
/var/folders/zs/hkzrqg456jd297tkhs0bxy_m0000gn/T/_gbsbuild/obj/trigger_8_interact.rel
                                          [ trigger_8_interact ]
/var/folders/zs/hkzrqg456jd297tkhs0bxy_m0000gn/T/_gbsbuild/obj/trigger_80_interact.rel
                                          [ trigger_80_interact ]
/var/folders/zs/hkzrqg456jd297tkhs0bxy_m0000gn/T/_gbsbuild/obj/trigger_81_interact.rel
                                          [ trigger_81_interact ]
/var/folders/zs/hkzrqg456jd297tkhs0bxy_m0000gn/T/_gbsbuild/obj/trigger_82_interact.rel
                                          [ trigger_82_interact ]
/var/folders/zs/hkzrqg456jd297tkhs0bxy_m0000gn/T/_gbsbuild/obj/trigger_83_interact.rel
                                          [ trigger_83_interact ]
/var/folders/zs/hkzrqg456jd297tkhs0bxy_m0000gn/T/_gbsbuild/obj/trigger_84_interact.rel
                                          [ trigger_84_interact ]
/var/folders/zs/hkzrqg456jd297tkhs0bxy_m0000gn/T/_gbsbuild/obj/trigger_85_interact.rel
                                          [ trigger_85_interact ]
/var/folders/zs/hkzrqg456jd297tkhs0bxy_m0000gn/T/_gbsbuild/obj/trigger_86_interact.rel
                                          [ trigger_86_interact ]
/var/folders/zs/hkzrqg456jd297tkhs0bxy_m0000gn/T/_gbsbuild/obj/trigger_87_interact.rel
                                          [ trigger_87_interact ]
/var/folders/zs/hkzrqg456jd297tkhs0bxy_m0000gn/T/_gbsbuild/obj/trigger_88_interact.rel
                                          [ trigger_88_interact ]
/var/folders/zs/hkzrqg456jd297tkhs0bxy_m0000gn/T/_gbsbuild/obj/trigger_89_interact.rel
                                          [ trigger_89_interact ]
/var/folders/zs/hkzrqg456jd297tkhs0bxy_m0000gn/T/_gbsbuild/obj/trigger_9_interact.rel
                                          [ trigger_9_interact ]
/var/folders/zs/hkzrqg456jd297tkhs0bxy_m0000gn/T/_gbsbuild/obj/trigger_90_interact.rel
                                          [ trigger_90_interact ]
/var/folders/zs/hkzrqg456jd297tkhs0bxy_m0000gn/T/_gbsbuild/obj/trigger_91_interact.rel
                                          [ trigger_91_interact ]
/var/folders/zs/hkzrqg456jd297tkhs0bxy_m0000gn/T/_gbsbuild/obj/trigger_92_interact.rel
                                          [ trigger_92_interact ]
/var/folders/zs/hkzrqg456jd297tkhs0bxy_m0000gn/T/_gbsbuild/obj/trigger_93_interact.rel
                                          [ trigger_93_interact ]
/var/folders/zs/hkzrqg456jd297tkhs0bxy_m0000gn/T/_gbsbuild/obj/trigger_94_interact.rel
                                          [ trigger_94_interact ]
/var/folders/zs/hkzrqg456jd297tkhs0bxy_m0000gn/T/_gbsbuild/obj/trigger_95_interact.rel
                                          [ trigger_95_interact ]
/var/folders/zs/hkzrqg456jd297tkhs0bxy_m0000gn/T/_gbsbuild/obj/trigger_96_interact.rel
                                          [ trigger_96_interact ]
/var/folders/zs/hkzrqg456jd297tkhs0bxy_m0000gn/T/_gbsbuild/obj/trigger_97_interact.rel
                                          [ trigger_97_interact ]
/var/folders/zs/hkzrqg456jd297tkhs0bxy_m0000gn/T/_gbsbuild/obj/trigger_98_interact.rel
                                          [ trigger_98_interact ]
/var/folders/zs/hkzrqg456jd297tkhs0bxy_m0000gn/T/_gbsbuild/obj/trigger_99_interact.rel
                                          [ trigger_99_interact ]
/var/folders/zs/hkzrqg456jd297tkhs0bxy_m0000gn/T/_gbsbuild/obj/main.rel
                                          [ main ]
/var/folders/zs/hkzrqg456jd297tkhs0bxy_m0000gn/T/_gbsbuild/obj/adventure.rel
                                          [ adventure ]
/var/folders/zs/hkzrqg456jd297tkhs0bxy_m0000gn/T/_gbsbuild/obj/logo.rel
                                          [ logo ]
/var/folders/zs/hkzrqg456jd297tkhs0bxy_m0000gn/T/_gbsbuild/obj/platform.rel
                                          [ platform ]
/var/folders/zs/hkzrqg456jd297tkhs0bxy_m0000gn/T/_gbsbuild/obj/pointnclick.rel
                                          [ pointnclick ]
/var/folders/zs/hkzrqg456jd297tkhs0bxy_m0000gn/T/_gbsbuild/obj/shmup.rel
                                          [ shmup ]
/var/folders/zs/hkzrqg456jd297tkhs0bxy_m0000gn/T/_gbsbuild/obj/states_ptrs.rel
                                          [  ]
/var/folders/zs/hkzrqg456jd297tkhs0bxy_m0000gn/T/_gbsbuild/obj/topdown.rel
                                          [ topdown ]


Libraries Linked                          [ object file ]

/var/folders/zs/hkzrqg456jd297tkhs0bxy_m0000gn/T/_gbstools/gbdk/lib/small/asxxxx/gb/gb.lib
                                          [ fill_rect_wi.o ]
/var/folders/zs/hkzrqg456jd297tkhs0bxy_m0000gn/T/_gbstools/gbdk/lib/small/asxxxx/gbz80/gbz80.lib
                                          [ rand.o ]
lib/hUGEDriver.lib                        [ hUGEDriver.obj.o ]
/var/folders/zs/hkzrqg456jd297tkhs0bxy_m0000gn/T/_gbstools/gbdk/lib/small/asxxxx/gb/gb.lib
                                          [ sfr.o ]
/var/folders/zs/hkzrqg456jd297tkhs0bxy_m0000gn/T/_gbstools/gbdk/lib/small/asxxxx/gb/gb.lib
                                          [ get_data.o ]
/var/folders/zs/hkzrqg456jd297tkhs0bxy_m0000gn/T/_gbstools/gbdk/lib/small/asxxxx/gb/gb.lib
                                          [ get_tile.o ]
/var/folders/zs/hkzrqg456jd297tkhs0bxy_m0000gn/T/_gbstools/gbdk/lib/small/asxxxx/gb/gb.lib
                                          [ cgb_palettes.o ]
/var/folders/zs/hkzrqg456jd297tkhs0bxy_m0000gn/T/_gbstools/gbdk/lib/small/asxxxx/gb/gb.lib
                                          [ metasprites_hide_spr.o ]
/var/folders/zs/hkzrqg456jd297tkhs0bxy_m0000gn/T/_gbstools/gbdk/lib/small/asxxxx/gbz80/gbz80.lib
                                          [ mul.o ]
/var/folders/zs/hkzrqg456jd297tkhs0bxy_m0000gn/T/_gbstools/gbdk/lib/small/asxxxx/gbz80/gbz80.lib
                                          [ div.o ]
/var/folders/zs/hkzrqg456jd297tkhs0bxy_m0000gn/T/_gbstools/gbdk/lib/small/asxxxx/gbz80/gbz80.lib
                                          [ abs.o ]
/var/folders/zs/hkzrqg456jd297tkhs0bxy_m0000gn/T/_gbstools/gbdk/lib/small/asxxxx/gb/gb.lib
                                          [ set_wi_t.o ]
/var/folders/zs/hkzrqg456jd297tkhs0bxy_m0000gn/T/_gbstools/gbdk/lib/small/asxxxx/gb/gb.lib
                                          [ set_data.o ]
/var/folders/zs/hkzrqg456jd297tkhs0bxy_m0000gn/T/_gbstools/gbdk/lib/small/asxxxx/gbz80/gbz80.lib
                                          [ reverse.o ]
/var/folders/zs/hkzrqg456jd297tkhs0bxy_m0000gn/T/_gbstools/gbdk/lib/small/asxxxx/gb/gb.lib
                                          [ far_ptr.o ]
/var/folders/zs/hkzrqg456jd297tkhs0bxy_m0000gn/T/_gbstools/gbdk/lib/small/asxxxx/gb/gb.lib
                                          [ sgb.o ]
/var/folders/zs/hkzrqg456jd297tkhs0bxy_m0000gn/T/_gbstools/gbdk/lib/small/asxxxx/gb/gb.lib
                                          [ lcd.o ]
/var/folders/zs/hkzrqg456jd297tkhs0bxy_m0000gn/T/_gbstools/gbdk/lib/small/asxxxx/gb/gb.lib
                                          [ fill_rect.o ]
/var/folders/zs/hkzrqg456jd297tkhs0bxy_m0000gn/T/_gbstools/gbdk/lib/small/asxxxx/gb/gb.lib
                                          [ cpy_data.o ]
/var/folders/zs/hkzrqg456jd297tkhs0bxy_m0000gn/T/_gbstools/gbdk/lib/small/asxxxx/gb/gb.lib
                                          [ fill_rect_bk.o ]
/var/folders/zs/hkzrqg456jd297tkhs0bxy_m0000gn/T/_gbstools/gbdk/lib/small/asxxxx/gb/gb.lib
                                          [ pad.o ]
/var/folders/zs/hkzrqg456jd297tkhs0bxy_m0000gn/T/_gbstools/gbdk/lib/small/asxxxx/gb/gb.lib
                                          [ metasprites.o ]
/var/folders/zs/hkzrqg456jd297tkhs0bxy_m0000gn/T/_gbstools/gbdk/lib/small/asxxxx/gbz80/gbz80.lib
                                          [ __sdcc_call_hl.o ]
/var/folders/zs/hkzrqg456jd297tkhs0bxy_m0000gn/T/_gbstools/gbdk/lib/small/asxxxx/gbz80/gbz80.lib
                                          [ _memcpy.o ]
/var/folders/zs/hkzrqg456jd297tkhs0bxy_m0000gn/T/_gbstools/gbdk/lib/small/asxxxx/gbz80/gbz80.lib
                                          [ _memset.o ]
/var/folders/zs/hkzrqg456jd297tkhs0bxy_m0000gn/T/_gbstools/gbdk/lib/small/asxxxx/gb/gb.lib
                                          [ set_xy_t.o ]
/var/folders/zs/hkzrqg456jd297tkhs0bxy_m0000gn/T/_gbstools/gbdk/lib/small/asxxxx/gb/gb.lib
                                          [ cgb.o ]
/var/folders/zs/hkzrqg456jd297tkhs0bxy_m0000gn/T/_gbstools/gbdk/lib/small/asxxxx/gb/gb.lib
                                          [ set_bk_t.o ]

ASxxxx Linker V03.00 + NoICE + sdld,  page 119.

User Base Address Definitions

_DATA=0xC0A0
_CODE=0x0200
ASxxxx Linker V03.00 + NoICE + sdld,  page 120.

User Global Definitions

.STACK=0xDF00
_shadow_OAM=0xC000
.refresh_OAM=0xFF80
__start_save=28

